../Core/Src/main.c:94:5:main	72	static
../Core/Src/main.c:217:6:SystemClock_Config	88	static
../Core/Src/main.c:264:13:MX_DCMI_Init	8	static
../Core/Src/main.c:297:13:MX_I2C2_Init	8	static
../Core/Src/main.c:331:13:MX_SPI1_Init	8	static
../Core/Src/main.c:369:13:MX_TIM5_Init	56	static
../Core/Src/main.c:418:13:MX_USART2_UART_Init	8	static
../Core/Src/main.c:449:13:MX_DMA_Init	16	static
../Core/Src/main.c:471:13:MX_GPIO_Init	56	static
../Core/Src/main.c:553:13:MX_FSMC_Init	40	static
../Core/Src/main.c:616:6:StartDefaultTask	16	static
../Core/Src/main.c:633:6:Error_Handler	4	static,ignoring_inline_asm
