../Core/Src/stm32f4xx_it.c:75:6:NMI_Handler	4	static
../Core/Src/stm32f4xx_it.c:90:6:HardFault_Handler	4	static
../Core/Src/stm32f4xx_it.c:105:6:MemManage_Handler	4	static
../Core/Src/stm32f4xx_it.c:120:6:BusFault_Handler	4	static
../Core/Src/stm32f4xx_it.c:135:6:UsageFault_Handler	4	static
../Core/Src/stm32f4xx_it.c:150:6:DebugMon_Handler	4	static
../Core/Src/stm32f4xx_it.c:163:6:SysTick_Handler	8	static
../Core/Src/stm32f4xx_it.c:192:6:RCC_IRQHandler	4	static
../Core/Src/stm32f4xx_it.c:205:6:DMA1_Stream5_IRQHandler	8	static
../Core/Src/stm32f4xx_it.c:219:6:SPI1_IRQHandler	8	static
../Core/Src/stm32f4xx_it.c:233:6:DMA2_Stream1_IRQHandler	8	static
../Core/Src/stm32f4xx_it.c:247:6:OTG_FS_IRQHandler	8	static
../Core/Src/stm32f4xx_it.c:261:6:DCMI_IRQHandler	8	static
